// Jest Snapshot v1, https://goo.gl/fbAQLP

exports[`<FilmsPage /> should be rendered properly 1`] = `
<Layout
  className="wrapper"
>
  <UNDEFINED
    onAction={[Function]}
  />
  <UNDEFINED
    onAction={[Function]}
  />
  <UNDEFINED />
  <UNDEFINED />
</Layout>
`;
