// Jest Snapshot v1, https://goo.gl/fbAQLP

exports[`<MovieDescription /> cardMetaInfo should be rendered properly 1`] = `
<ForwardRef
  justify="space-between"
>
  <ForwardRef
    span={18}
  >
    <ForwardRef>
      <UNDEFINED
        size={18}
        strong={true}
      >
        ASSASIN'S CREED
      </UNDEFINED>
    </ForwardRef>
    <ForwardRef>
      <UNDEFINED
        type="secondary"
      >
        Action, Adventure, Fantasy
      </UNDEFINED>
    </ForwardRef>
  </ForwardRef>
  <ForwardRef>
    <UNDEFINED
      size={16}
      type="secondary_with_background"
    >
      4.7
    </UNDEFINED>
  </ForwardRef>
</ForwardRef>
`;
