// Jest Snapshot v1, https://goo.gl/fbAQLP

exports[`<PageHeader /> should be rendered properly 1`] = `
<Header
  className="header"
>
  <UNDEFINED
    fontFamily="arial"
    level={3}
    text="FILMS"
  />
  <UNDEFINED
    onSearch={[Function]}
  />
</Header>
`;
